// Jest Snapshot v1, https://goo.gl/fbAQLP

exports[`Testing on BlockingProcessDisplay... BlockingProcessDisplay layout Expect BlockingProcessDisplay to have Box as parent of component prop that passing in 1`] = `
<Layer
  align="center"
>
  <Box
    align="center"
    announce={false}
    direction="column"
    focusable={true}
    full={true}
    justify="center"
    pad="none"
    responsive={true}
    tag="div"
  >
    <Splash
      icon={null}
      loadingText="Loading..."
      logo={null}
      title={null}
    />
  </Box>
</Layer>
`;
